// Jest Snapshot v1, https://goo.gl/fbAQLP

exports[`testing al cliente haciendole un snapshot al cliente 1`] = `
{
  "balance": 500,
  "nombre": "cami",
  "tipo": "premiun",
}
`;
